// Jest Snapshot v1, https://goo.gl/fbAQLP

exports[`renders correctly 1`] = `
<div>
  <div
    class="sc-bdVaJa cdOnQX"
  >
    <img
      alt="Arlo, by VotingWorks"
      height="60px"
      src="/arlo.png"
    />
    <div
      class="sc-bwzfXH iHMWje"
      id="reset-button-wrapper"
    />
  </div>
</div>
`;
