// Jest Snapshot v1, https://goo.gl/fbAQLP

exports[`App renders properly 1`] = `
<div>
  <div
    class="Toastify"
  />
  <div
    class="sc-fBuWsC eQKFyT"
  >
    <div
      class="sc-jhAzac bIQzAv"
    >
      <img
        alt="Arlo, by VotingWorks"
        height="50px"
        src="/arlo.png"
      />
      <button
        class="bp3-button bp3-fill bp3-large bp3-intent-primary sc-hzDkRC blBjGS sc-gzVnrw eLDrzZ"
        type="button"
      >
        <span
          class="bp3-button-text"
        >
          Create a New Audit
        </span>
      </button>
      <div>
        <label
          class="bp3-label"
        >
          Select an existing audit:
        </label>
      </div>
      <a
        class="bp3-button bp3-intent-primary"
        href="/election/"
      >
        View Audit
      </a>
    </div>
  </div>
</div>
`;
